[     138ms] [LOG] [Fast Refresh] rebuilding @ http://localhost:3000/_next/static/chunks/06~j_next_dist_0nqb7nl._.js:2431
[     877ms] [LOG] [Fast Refresh] done in 849ms @ http://localhost:3000/_next/static/chunks/06~j_next_dist_0nqb7nl._.js:2431
[    1175ms] [INFO] %cDownload the React DevTools for a better development experience: https://react.dev/link/react-devtools font-weight:bold @ http://localhost:3000/_next/static/chunks/06~j_next_dist_0nqb7nl._.js:2431
[    1283ms] [LOG] [HMR] connected @ http://localhost:3000/_next/static/chunks/06~j_next_dist_0nqb7nl._.js:2431
[    1895ms] [LOG] [Fast Refresh] rebuilding @ http://localhost:3000/_next/static/chunks/06~j_next_dist_0nqb7nl._.js:2431
[    1991ms] [LOG] [Fast Refresh] done in 208ms @ http://localhost:3000/_next/static/chunks/06~j_next_dist_0nqb7nl._.js:2431
[   50763ms] [WARNING] Image with src "/images/clients/taylor-francis.webp" has either width or height modified, but not the other. If you use CSS to change the size of your image, also include the styles 'width: "auto"' or 'height: "auto"' to maintain the aspect ratio. @ http://localhost:3000/_next/static/chunks/06~j_next_dist_0nqb7nl._.js:2431
[   74093ms] [LOG] [Fast Refresh] rebuilding @ http://localhost:3000/_next/static/chunks/06~j_next_dist_0nqb7nl._.js:2431
[   74178ms] [LOG] [Fast Refresh] done in 191ms @ http://localhost:3000/_next/static/chunks/06~j_next_dist_0nqb7nl._.js:2431
[   78089ms] [LOG] [Fast Refresh] rebuilding @ http://localhost:3000/_next/static/chunks/06~j_next_dist_0nqb7nl._.js:2431
[   79804ms] [LOG] [Fast Refresh] done in 1817ms @ http://localhost:3000/_next/static/chunks/06~j_next_dist_0nqb7nl._.js:2431
[  154794ms] [LOG] [Fast Refresh] rebuilding @ http://localhost:3000/_next/static/chunks/06~j_next_dist_0nqb7nl._.js:2431
[  156809ms] [LOG] [Fast Refresh] done in 134ms @ http://localhost:3000/_next/static/chunks/06~j_next_dist_0nqb7nl._.js:2431
[  162642ms] [LOG] [Fast Refresh] rebuilding @ http://localhost:3000/_next/static/chunks/06~j_next_dist_0nqb7nl._.js:2431
[  164442ms] [LOG] [Fast Refresh] done in 237ms @ http://localhost:3000/_next/static/chunks/06~j_next_dist_0nqb7nl._.js:2431
[  170451ms] [LOG] [Fast Refresh] rebuilding @ http://localhost:3000/_next/static/chunks/06~j_next_dist_0nqb7nl._.js:2431
[  171989ms] [LOG] [Fast Refresh] done in 184ms @ http://localhost:3000/_next/static/chunks/06~j_next_dist_0nqb7nl._.js:2431
[  182913ms] [LOG] [Fast Refresh] rebuilding @ http://localhost:3000/_next/static/chunks/06~j_next_dist_0nqb7nl._.js:2431
[  184191ms] [LOG] [Fast Refresh] done in 165ms @ http://localhost:3000/_next/static/chunks/06~j_next_dist_0nqb7nl._.js:2431
[  190072ms] [LOG] [Fast Refresh] rebuilding @ http://localhost:3000/_next/static/chunks/06~j_next_dist_0nqb7nl._.js:2431
[  190153ms] [LOG] [Fast Refresh] done in 141ms @ http://localhost:3000/_next/static/chunks/06~j_next_dist_0nqb7nl._.js:2431
[  190274ms] [LOG] [Fast Refresh] rebuilding @ http://localhost:3000/_next/static/chunks/06~j_next_dist_0nqb7nl._.js:2431
[  192117ms] [LOG] [Fast Refresh] done in 1949ms @ http://localhost:3000/_next/static/chunks/06~j_next_dist_0nqb7nl._.js:2431
