[    6860ms] [ERROR] Refused to get unsafe header "X-Sg-Cs" @ https://www.google.com/search?q=http%3A%2F%2Flocalhost%3A3000%2Fcate&rlz=1C1GCEA_enIN1179IN1179&oq=http%3A%2F%2Flocalhost%3A3000%2Fcate&gs_lcrp=EgZjaHJvbWUyBggAEEUYOjIGCAEQRRg5MgYIAhBFGDzSAQgyMjQxajBqN6gCALACAA&sourceid=chrome&ie=UTF-8&sei=J078acv6GqGPseMP4NbT-QE:22
[    6860ms] [ERROR] Refused to get unsafe header "X-Sorry-Redirect" @ https://www.google.com/search?q=http%3A%2F%2Flocalhost%3A3000%2Fcate&rlz=1C1GCEA_enIN1179IN1179&oq=http%3A%2F%2Flocalhost%3A3000%2Fcate&gs_lcrp=EgZjaHJvbWUyBggAEEUYOjIGCAEQRRg5MgYIAhBFGDzSAQgyMjQxajBqN6gCALACAA&sourceid=chrome&ie=UTF-8&sei=J078acv6GqGPseMP4NbT-QE:22
[    7456ms] [ERROR] Refused to get unsafe header "X-Sg-Cs" @ https://www.google.com/search?q=http%3A%2F%2Flocalhost%3A3000%2Fcate&rlz=1C1GCEA_enIN1179IN1179&oq=http%3A%2F%2Flocalhost%3A3000%2Fcate&gs_lcrp=EgZjaHJvbWUyBggAEEUYOjIGCAEQRRg5MgYIAhBFGDzSAQgyMjQxajBqN6gCALACAA&sourceid=chrome&ie=UTF-8&sei=J078acv6GqGPseMP4NbT-QE:22
[    7456ms] [ERROR] Refused to get unsafe header "X-Sorry-Redirect" @ https://www.google.com/search?q=http%3A%2F%2Flocalhost%3A3000%2Fcate&rlz=1C1GCEA_enIN1179IN1179&oq=http%3A%2F%2Flocalhost%3A3000%2Fcate&gs_lcrp=EgZjaHJvbWUyBggAEEUYOjIGCAEQRRg5MgYIAhBFGDzSAQgyMjQxajBqN6gCALACAA&sourceid=chrome&ie=UTF-8&sei=J078acv6GqGPseMP4NbT-QE:22
[   12942ms] [INFO] %cDownload the React DevTools for a better development experience: https://react.dev/link/react-devtools font-weight:bold @ http://localhost:3000/_next/static/chunks/06~j_next_dist_0nqb7nl._.js:2431
[   13083ms] [LOG] [HMR] connected @ http://localhost:3000/_next/static/chunks/06~j_next_dist_0nqb7nl._.js:2431
[   87679ms] [LOG] [Fast Refresh] rebuilding @ http://localhost:3000/_next/static/chunks/06~j_next_dist_0nqb7nl._.js:2431
[   89655ms] [LOG] [Fast Refresh] done in 133ms @ http://localhost:3000/_next/static/chunks/06~j_next_dist_0nqb7nl._.js:2431
[   95525ms] [LOG] [Fast Refresh] rebuilding @ http://localhost:3000/_next/static/chunks/06~j_next_dist_0nqb7nl._.js:2431
[   97331ms] [LOG] [Fast Refresh] done in 242ms @ http://localhost:3000/_next/static/chunks/06~j_next_dist_0nqb7nl._.js:2431
[  103340ms] [LOG] [Fast Refresh] rebuilding @ http://localhost:3000/_next/static/chunks/06~j_next_dist_0nqb7nl._.js:2431
[  104871ms] [LOG] [Fast Refresh] done in 181ms @ http://localhost:3000/_next/static/chunks/06~j_next_dist_0nqb7nl._.js:2431
[  105155ms] [LOG] [Fast Refresh] rebuilding @ http://localhost:3000/_next/static/chunks/06~j_next_dist_0nqb7nl._.js:2431
[  105162ms] [LOG] [Fast Refresh] done in 234ms @ http://localhost:3000/_next/static/chunks/06~j_next_dist_0nqb7nl._.js:2431
[  115802ms] [LOG] [Fast Refresh] rebuilding @ http://localhost:3000/_next/static/chunks/06~j_next_dist_0nqb7nl._.js:2431
[  117080ms] [LOG] [Fast Refresh] done in 165ms @ http://localhost:3000/_next/static/chunks/06~j_next_dist_0nqb7nl._.js:2431
[  122952ms] [LOG] [Fast Refresh] rebuilding @ http://localhost:3000/_next/static/chunks/06~j_next_dist_0nqb7nl._.js:2431
[  123042ms] [LOG] [Fast Refresh] done in 142ms @ http://localhost:3000/_next/static/chunks/06~j_next_dist_0nqb7nl._.js:2431
[  123163ms] [LOG] [Fast Refresh] rebuilding @ http://localhost:3000/_next/static/chunks/06~j_next_dist_0nqb7nl._.js:2431
[  125002ms] [LOG] [Fast Refresh] done in 1945ms @ http://localhost:3000/_next/static/chunks/06~j_next_dist_0nqb7nl._.js:2431
[  125606ms] [LOG] [Fast Refresh] rebuilding @ http://localhost:3000/_next/static/chunks/06~j_next_dist_0nqb7nl._.js:2431
[  128127ms] [LOG] [Fast Refresh] done in 2628ms @ http://localhost:3000/_next/static/chunks/06~j_next_dist_0nqb7nl._.js:2431
[  129281ms] [LOG] [Fast Refresh] rebuilding @ http://localhost:3000/_next/static/chunks/06~j_next_dist_0nqb7nl._.js:2431
[  129371ms] [LOG] [Fast Refresh] done in 193ms @ http://localhost:3000/_next/static/chunks/06~j_next_dist_0nqb7nl._.js:2431
[  143037ms] [LOG] [Fast Refresh] rebuilding @ http://localhost:3000/_next/static/chunks/06~j_next_dist_0nqb7nl._.js:2431
[  143210ms] [LOG] [Fast Refresh] done in 274ms @ http://localhost:3000/_next/static/chunks/06~j_next_dist_0nqb7nl._.js:2431
[  166047ms] [LOG] [Fast Refresh] rebuilding @ http://localhost:3000/_next/static/chunks/06~j_next_dist_0nqb7nl._.js:2431
[  169053ms] [LOG] [Fast Refresh] done in 3111ms @ http://localhost:3000/_next/static/chunks/06~j_next_dist_0nqb7nl._.js:2431
[  170422ms] [LOG] [Fast Refresh] rebuilding @ http://localhost:3000/_next/static/chunks/06~j_next_dist_0nqb7nl._.js:2431
[  170519ms] [LOG] [Fast Refresh] done in 206ms @ http://localhost:3000/_next/static/chunks/06~j_next_dist_0nqb7nl._.js:2431
[  196767ms] [LOG] [Fast Refresh] rebuilding @ http://localhost:3000/_next/static/chunks/06~j_next_dist_0nqb7nl._.js:2431
[  196943ms] [LOG] [Fast Refresh] done in 234ms @ http://localhost:3000/_next/static/chunks/06~j_next_dist_0nqb7nl._.js:2431
[  197056ms] [LOG] [Fast Refresh] rebuilding @ http://localhost:3000/_next/static/chunks/06~j_next_dist_0nqb7nl._.js:2431
[  198312ms] [LOG] [Fast Refresh] done in 1356ms @ http://localhost:3000/_next/static/chunks/06~j_next_dist_0nqb7nl._.js:2431
[  198440ms] [LOG] [Fast Refresh] rebuilding @ http://localhost:3000/_next/static/chunks/06~j_next_dist_0nqb7nl._.js:2431
[  199502ms] [LOG] [Fast Refresh] done in 1166ms @ http://localhost:3000/_next/static/chunks/06~j_next_dist_0nqb7nl._.js:2431
[  205225ms] [LOG] [Fast Refresh] rebuilding @ http://localhost:3000/_next/static/chunks/06~j_next_dist_0nqb7nl._.js:2431
[  207700ms] [LOG] [Fast Refresh] done in 2585ms @ http://localhost:3000/_next/static/chunks/06~j_next_dist_0nqb7nl._.js:2431
[  209082ms] [LOG] [Fast Refresh] rebuilding @ http://localhost:3000/_next/static/chunks/06~j_next_dist_0nqb7nl._.js:2431
[  209259ms] [LOG] [Fast Refresh] done in 278ms @ http://localhost:3000/_next/static/chunks/06~j_next_dist_0nqb7nl._.js:2431
[  227277ms] [LOG] [Fast Refresh] rebuilding @ http://localhost:3000/_next/static/chunks/06~j_next_dist_0nqb7nl._.js:2431
[  229032ms] [LOG] [Fast Refresh] done in 1867ms @ http://localhost:3000/_next/static/chunks/06~j_next_dist_0nqb7nl._.js:2431
[  231769ms] [LOG] [Fast Refresh] rebuilding @ http://localhost:3000/_next/static/chunks/06~j_next_dist_0nqb7nl._.js:2431
[  232444ms] [LOG] [Fast Refresh] done in 778ms @ http://localhost:3000/_next/static/chunks/06~j_next_dist_0nqb7nl._.js:2431
[  232723ms] [INFO] %cDownload the React DevTools for a better development experience: https://react.dev/link/react-devtools font-weight:bold @ http://localhost:3000/_next/static/chunks/06~j_next_dist_0nqb7nl._.js:2431
[  232774ms] [LOG] [HMR] connected @ http://localhost:3000/_next/static/chunks/06~j_next_dist_0nqb7nl._.js:2431
[  276597ms] [WARNING] Image with src "/images/clients/taylor-francis.webp" has either width or height modified, but not the other. If you use CSS to change the size of your image, also include the styles 'width: "auto"' or 'height: "auto"' to maintain the aspect ratio. @ http://localhost:3000/_next/static/chunks/06~j_next_dist_0nqb7nl._.js:2431
[  351187ms] [LOG] [Fast Refresh] rebuilding @ http://localhost:3000/_next/static/chunks/06~j_next_dist_0nqb7nl._.js:2431
[  351273ms] [LOG] [Fast Refresh] done in 191ms @ http://localhost:3000/_next/static/chunks/06~j_next_dist_0nqb7nl._.js:2431
[  351441ms] [LOG] [Fast Refresh] rebuilding @ http://localhost:3000/_next/static/chunks/06~j_next_dist_0nqb7nl._.js:2431
[  351707ms] [LOG] [Fast Refresh] done in 377ms @ http://localhost:3000/_next/static/chunks/06~j_next_dist_0nqb7nl._.js:2431
[  404489ms] [LOG] [Fast Refresh] rebuilding @ http://localhost:3000/_next/static/chunks/06~j_next_dist_0nqb7nl._.js:2431
[  404634ms] [LOG] [Fast Refresh] done in 247ms @ http://localhost:3000/_next/static/chunks/06~j_next_dist_0nqb7nl._.js:2431
[  476199ms] [LOG] [Fast Refresh] rebuilding @ http://localhost:3000/_next/static/chunks/06~j_next_dist_0nqb7nl._.js:2431
[  476258ms] [LOG] [Fast Refresh] done in 162ms @ http://localhost:3000/_next/static/chunks/06~j_next_dist_0nqb7nl._.js:2431
[  609473ms] [LOG] [Fast Refresh] rebuilding @ http://localhost:3000/_next/static/chunks/06~j_next_dist_0nqb7nl._.js:2431
[  609530ms] [LOG] [Fast Refresh] done in 172ms @ http://localhost:3000/_next/static/chunks/06~j_next_dist_0nqb7nl._.js:2431
[  615272ms] [LOG] [Fast Refresh] rebuilding @ http://localhost:3000/_next/static/chunks/06~j_next_dist_0nqb7nl._.js:2431
[  615336ms] [LOG] [Fast Refresh] done in 177ms @ http://localhost:3000/_next/static/chunks/06~j_next_dist_0nqb7nl._.js:2431
[  651336ms] [LOG] [Fast Refresh] rebuilding @ http://localhost:3000/_next/static/chunks/06~j_next_dist_0nqb7nl._.js:2431
[  654403ms] [LOG] [Fast Refresh] done in 3170ms @ http://localhost:3000/_next/static/chunks/06~j_next_dist_0nqb7nl._.js:2431
[  668074ms] [LOG] [Fast Refresh] rebuilding @ http://localhost:3000/_next/static/chunks/06~j_next_dist_0nqb7nl._.js:2431
[  668179ms] [LOG] [Fast Refresh] done in 210ms @ http://localhost:3000/_next/static/chunks/06~j_next_dist_0nqb7nl._.js:2431
