[     131ms] [LOG] [Fast Refresh] rebuilding @ http://localhost:3001/_next/static/chunks/06~j_next_dist_0nqb7nl._.js:2431
[    1317ms] [LOG] [Fast Refresh] done in 1293ms @ http://localhost:3001/_next/static/chunks/06~j_next_dist_0nqb7nl._.js:2431
[    1459ms] [INFO] %cDownload the React DevTools for a better development experience: https://react.dev/link/react-devtools font-weight:bold @ http://localhost:3001/_next/static/chunks/06~j_next_dist_0nqb7nl._.js:2431
[    1551ms] [LOG] [HMR] connected @ http://localhost:3001/_next/static/chunks/06~j_next_dist_0nqb7nl._.js:2431
[    1646ms] [WARNING] Image with src "/images/cyber/hero-cyber-it.jpg" is using quality "70" which is not configured in images.qualities [75]. Please update your config to [70, 75].
Read more: https://nextjs.org/docs/messages/next-image-unconfigured-qualities @ http://localhost:3001/_next/static/chunks/06~j_next_dist_0nqb7nl._.js:2431
[    1653ms] [WARNING] Image with src "/images/cyber/hero-industry-bfsi.jpg" is using quality "70" which is not configured in images.qualities [75]. Please update your config to [70, 75].
Read more: https://nextjs.org/docs/messages/next-image-unconfigured-qualities @ http://localhost:3001/_next/static/chunks/06~j_next_dist_0nqb7nl._.js:2431
[    1654ms] [WARNING] Image with src "/images/cyber/hero-industry-healthcare.jpg" is using quality "70" which is not configured in images.qualities [75]. Please update your config to [70, 75].
Read more: https://nextjs.org/docs/messages/next-image-unconfigured-qualities @ http://localhost:3001/_next/static/chunks/06~j_next_dist_0nqb7nl._.js:2431
[    1655ms] [WARNING] Image with src "/images/cyber/hero-ai-it.jpg" is using quality "70" which is not configured in images.qualities [75]. Please update your config to [70, 75].
Read more: https://nextjs.org/docs/messages/next-image-unconfigured-qualities @ http://localhost:3001/_next/static/chunks/06~j_next_dist_0nqb7nl._.js:2431
[  442933ms] [WARNING] Image with src "/images/clients/autodesk.webp" has either width or height modified, but not the other. If you use CSS to change the size of your image, also include the styles 'width: "auto"' or 'height: "auto"' to maintain the aspect ratio. @ http://localhost:3001/_next/static/chunks/06~j_next_dist_0nqb7nl._.js:2431
[  458860ms] [WARNING] Image with src "/images/clients/taylor-francis.webp" has either width or height modified, but not the other. If you use CSS to change the size of your image, also include the styles 'width: "auto"' or 'height: "auto"' to maintain the aspect ratio. @ http://localhost:3001/_next/static/chunks/06~j_next_dist_0nqb7nl._.js:2431
[  550104ms] [LOG] [Fast Refresh] rebuilding @ http://localhost:3001/_next/static/chunks/06~j_next_dist_0nqb7nl._.js:2431
[  550307ms] [LOG] [Fast Refresh] done in 272ms @ http://localhost:3001/_next/static/chunks/06~j_next_dist_0nqb7nl._.js:2431
[  555159ms] [LOG] [Fast Refresh] rebuilding @ http://localhost:3001/_next/static/chunks/06~j_next_dist_0nqb7nl._.js:2431
[  555305ms] [LOG] [Fast Refresh] done in 228ms @ http://localhost:3001/_next/static/chunks/06~j_next_dist_0nqb7nl._.js:2431
[  559998ms] [LOG] [Fast Refresh] rebuilding @ http://localhost:3001/_next/static/chunks/06~j_next_dist_0nqb7nl._.js:2431
[  560198ms] ReferenceError: CERTIFICATIONS is not defined
    at Footer (http://localhost:3001/_next/static/chunks/New%20folder%20(76)_src_components_0_6_c.f._.js?id=%255Bproject%255D%252FNew+folder+%252876%2529%252Fsrc%252Fcomponents%252FFooter.tsx+%255Bapp-client%255D+%2528ecmascript%2529:163:40)
    at Object.react_stack_bottom_frame (http://localhost:3001/_next/static/chunks/06~j_next_dist_compiled_react-dom_0681505._.js:15037:24)
    at renderWithHooks (http://localhost:3001/_next/static/chunks/06~j_next_dist_compiled_react-dom_0681505._.js:4620:24)
    at updateFunctionComponent (http://localhost:3001/_next/static/chunks/06~j_next_dist_compiled_react-dom_0681505._.js:6081:21)
    at beginWork (http://localhost:3001/_next/static/chunks/06~j_next_dist_compiled_react-dom_0681505._.js:6691:24)
    at runWithFiberInDEV (http://localhost:3001/_next/static/chunks/06~j_next_dist_compiled_react-dom_0681505._.js:965:74)
    at performUnitOfWork (http://localhost:3001/_next/static/chunks/06~j_next_dist_compiled_react-dom_0681505._.js:9555:97)
    at workLoopSync (http://localhost:3001/_next/static/chunks/06~j_next_dist_compiled_react-dom_0681505._.js:9449:40)
    at renderRootSync (http://localhost:3001/_next/static/chunks/06~j_next_dist_compiled_react-dom_0681505._.js:9433:13)
    at performWorkOnRoot (http://localhost:3001/_next/static/chunks/06~j_next_dist_compiled_react-dom_0681505._.js:9098:47)
    at performSyncWorkOnRoot (http://localhost:3001/_next/static/chunks/06~j_next_dist_compiled_react-dom_0681505._.js:10263:9)
    at flushSyncWorkAcrossRoots_impl (http://localhost:3001/_next/static/chunks/06~j_next_dist_compiled_react-dom_0681505._.js:10179:316)
    at flushSyncWork$1 (http://localhost:3001/_next/static/chunks/06~j_next_dist_compiled_react-dom_0681505._.js:9230:86)
    at Object.scheduleRefresh (http://localhost:3001/_next/static/chunks/06~j_next_dist_compiled_react-dom_0681505._.js:299:13)
    at http://localhost:3001/_next/static/chunks/06~j_next_dist_compiled_0qhqvlf._.js:391:33
    at Set.forEach (<anonymous>)
    at Object.performReactRefresh (http://localhost:3001/_next/static/chunks/06~j_next_dist_compiled_0qhqvlf._.js:384:38)
    at applyUpdate (http://localhost:3001/_next/static/chunks/06~j_next_dist_compiled_0qhqvlf._.js:878:31)
    at http://localhost:3001/_next/static/chunks/06~j_next_dist_compiled_0qhqvlf._.js:886:13
[  560254ms] [LOG] [Fast Refresh] done in 255ms @ http://localhost:3001/_next/static/chunks/06~j_next_dist_0nqb7nl._.js:2431
[  563419ms] [LOG] [Fast Refresh] rebuilding @ http://localhost:3001/_next/static/chunks/06~j_next_dist_0nqb7nl._.js:2431
[  563541ms] [WARNING] [Fast Refresh] performing full reload because your application had an unrecoverable error @ http://localhost:3001/_next/static/chunks/06~j_next_dist_0nqb7nl._.js:2431
[  564063ms] [LOG] [Fast Refresh] done in 225ms @ http://localhost:3001/_next/static/chunks/06~j_next_dist_0nqb7nl._.js:2431
[  564175ms] [LOG] [Fast Refresh] rebuilding @ http://localhost:3001/_next/static/chunks/06~j_next_dist_0nqb7nl._.js:2431
[  565115ms] [LOG] [Fast Refresh] done in 1051ms @ http://localhost:3001/_next/static/chunks/06~j_next_dist_0nqb7nl._.js:2431
[  565599ms] [INFO] %cDownload the React DevTools for a better development experience: https://react.dev/link/react-devtools font-weight:bold @ http://localhost:3001/_next/static/chunks/06~j_next_dist_0nqb7nl._.js:2431
[  565892ms] [LOG] [HMR] connected @ http://localhost:3001/_next/static/chunks/06~j_next_dist_0nqb7nl._.js:2431
[  566292ms] [WARNING] Image with src "/images/cyber/hero-cyber-it.jpg" is using quality "70" which is not configured in images.qualities [75]. Please update your config to [70, 75].
Read more: https://nextjs.org/docs/messages/next-image-unconfigured-qualities @ http://localhost:3001/_next/static/chunks/06~j_next_dist_0nqb7nl._.js:2431
[  566298ms] [WARNING] Image with src "/images/cyber/hero-industry-bfsi.jpg" is using quality "70" which is not configured in images.qualities [75]. Please update your config to [70, 75].
Read more: https://nextjs.org/docs/messages/next-image-unconfigured-qualities @ http://localhost:3001/_next/static/chunks/06~j_next_dist_0nqb7nl._.js:2431
[  566305ms] [WARNING] Image with src "/images/cyber/hero-industry-healthcare.jpg" is using quality "70" which is not configured in images.qualities [75]. Please update your config to [70, 75].
Read more: https://nextjs.org/docs/messages/next-image-unconfigured-qualities @ http://localhost:3001/_next/static/chunks/06~j_next_dist_0nqb7nl._.js:2431
[  566308ms] [WARNING] Image with src "/images/cyber/hero-ai-it.jpg" is using quality "70" which is not configured in images.qualities [75]. Please update your config to [70, 75].
Read more: https://nextjs.org/docs/messages/next-image-unconfigured-qualities @ http://localhost:3001/_next/static/chunks/06~j_next_dist_0nqb7nl._.js:2431
[  566985ms] [WARNING] Image with src "/images/clients/autodesk.webp" has either width or height modified, but not the other. If you use CSS to change the size of your image, also include the styles 'width: "auto"' or 'height: "auto"' to maintain the aspect ratio. @ http://localhost:3001/_next/static/chunks/06~j_next_dist_0nqb7nl._.js:2431
[  566993ms] [WARNING] Image with src "/images/clients/taylor-francis.webp" has either width or height modified, but not the other. If you use CSS to change the size of your image, also include the styles 'width: "auto"' or 'height: "auto"' to maintain the aspect ratio. @ http://localhost:3001/_next/static/chunks/06~j_next_dist_0nqb7nl._.js:2431
[  567944ms] [LOG] [Fast Refresh] rebuilding @ http://localhost:3001/_next/static/chunks/06~j_next_dist_0nqb7nl._.js:2431
[  568068ms] [LOG] [Fast Refresh] done in 232ms @ http://localhost:3001/_next/static/chunks/06~j_next_dist_0nqb7nl._.js:2431
[  572181ms] [LOG] [Fast Refresh] rebuilding @ http://localhost:3001/_next/static/chunks/06~j_next_dist_0nqb7nl._.js:2431
[  572276ms] [LOG] [Fast Refresh] done in 207ms @ http://localhost:3001/_next/static/chunks/06~j_next_dist_0nqb7nl._.js:2431
[  579059ms] [LOG] [Fast Refresh] rebuilding @ http://localhost:3001/_next/static/chunks/06~j_next_dist_0nqb7nl._.js:2431
[  579185ms] [LOG] [Fast Refresh] done in 231ms @ http://localhost:3001/_next/static/chunks/06~j_next_dist_0nqb7nl._.js:2431
[  582539ms] [LOG] [Fast Refresh] rebuilding @ http://localhost:3001/_next/static/chunks/06~j_next_dist_0nqb7nl._.js:2431
[  582667ms] [LOG] [Fast Refresh] done in 232ms @ http://localhost:3001/_next/static/chunks/06~j_next_dist_0nqb7nl._.js:2431
[  591930ms] [LOG] [Fast Refresh] rebuilding @ http://localhost:3001/_next/static/chunks/06~j_next_dist_0nqb7nl._.js:2431
[  592007ms] [LOG] [Fast Refresh] done in 181ms @ http://localhost:3001/_next/static/chunks/06~j_next_dist_0nqb7nl._.js:2431
[  607803ms] [LOG] [Fast Refresh] rebuilding @ http://localhost:3001/_next/static/chunks/06~j_next_dist_0nqb7nl._.js:2431
[  607857ms] [LOG] [Fast Refresh] done in 115ms @ http://localhost:3001/_next/static/chunks/06~j_next_dist_0nqb7nl._.js:2431
[  614205ms] [LOG] [Fast Refresh] rebuilding @ http://localhost:3001/_next/static/chunks/06~j_next_dist_0nqb7nl._.js:2431
[  614252ms] [LOG] [Fast Refresh] done in 113ms @ http://localhost:3001/_next/static/chunks/06~j_next_dist_0nqb7nl._.js:2431
[  620209ms] [LOG] [Fast Refresh] rebuilding @ http://localhost:3001/_next/static/chunks/06~j_next_dist_0nqb7nl._.js:2431
[  620256ms] [LOG] [Fast Refresh] done in 91ms @ http://localhost:3001/_next/static/chunks/06~j_next_dist_0nqb7nl._.js:2431
[  644549ms] [LOG] [Fast Refresh] rebuilding @ http://localhost:3001/_next/static/chunks/06~j_next_dist_0nqb7nl._.js:2431
[  644666ms] [LOG] [Fast Refresh] done in 185ms @ http://localhost:3001/_next/static/chunks/06~j_next_dist_0nqb7nl._.js:2431
[  650567ms] [LOG] [Fast Refresh] rebuilding @ http://localhost:3001/_next/static/chunks/06~j_next_dist_0nqb7nl._.js:2431
[  650667ms] [LOG] [Fast Refresh] done in 183ms @ http://localhost:3001/_next/static/chunks/06~j_next_dist_0nqb7nl._.js:2431
[  655345ms] [LOG] [Fast Refresh] rebuilding @ http://localhost:3001/_next/static/chunks/06~j_next_dist_0nqb7nl._.js:2431
[  655504ms] [LOG] [Fast Refresh] done in 242ms @ http://localhost:3001/_next/static/chunks/06~j_next_dist_0nqb7nl._.js:2431
[  662507ms] [LOG] [Fast Refresh] rebuilding @ http://localhost:3001/_next/static/chunks/06~j_next_dist_0nqb7nl._.js:2431
[  662667ms] [LOG] [Fast Refresh] done in 229ms @ http://localhost:3001/_next/static/chunks/06~j_next_dist_0nqb7nl._.js:2431
[  662781ms] [LOG] [Fast Refresh] rebuilding @ http://localhost:3001/_next/static/chunks/06~j_next_dist_0nqb7nl._.js:2431
[  663213ms] [LOG] [Fast Refresh] done in 538ms @ http://localhost:3001/_next/static/chunks/06~j_next_dist_0nqb7nl._.js:2431
[  668386ms] [LOG] [Fast Refresh] rebuilding @ http://localhost:3001/_next/static/chunks/06~j_next_dist_0nqb7nl._.js:2431
[  669092ms] [LOG] [Fast Refresh] done in 219ms @ http://localhost:3001/_next/static/chunks/06~j_next_dist_0nqb7nl._.js:2431
[  675641ms] [LOG] [Fast Refresh] rebuilding @ http://localhost:3001/_next/static/chunks/06~j_next_dist_0nqb7nl._.js:2431
[  676252ms] [LOG] [Fast Refresh] done in 206ms @ http://localhost:3001/_next/static/chunks/06~j_next_dist_0nqb7nl._.js:2431
[  680143ms] [LOG] [Fast Refresh] rebuilding @ http://localhost:3001/_next/static/chunks/06~j_next_dist_0nqb7nl._.js:2431
[  680785ms] [LOG] [Fast Refresh] done in 194ms @ http://localhost:3001/_next/static/chunks/06~j_next_dist_0nqb7nl._.js:2431
[  684674ms] [LOG] [Fast Refresh] rebuilding @ http://localhost:3001/_next/static/chunks/06~j_next_dist_0nqb7nl._.js:2431
[  685274ms] [LOG] [Fast Refresh] done in 165ms @ http://localhost:3001/_next/static/chunks/06~j_next_dist_0nqb7nl._.js:2431
[  689317ms] [LOG] [Fast Refresh] rebuilding @ http://localhost:3001/_next/static/chunks/06~j_next_dist_0nqb7nl._.js:2431
[  689871ms] [LOG] [Fast Refresh] done in 140ms @ http://localhost:3001/_next/static/chunks/06~j_next_dist_0nqb7nl._.js:2431
[  693167ms] [LOG] [Fast Refresh] rebuilding @ http://localhost:3001/_next/static/chunks/06~j_next_dist_0nqb7nl._.js:2431
[  693821ms] [LOG] [Fast Refresh] done in 192ms @ http://localhost:3001/_next/static/chunks/06~j_next_dist_0nqb7nl._.js:2431
[  697111ms] [LOG] [Fast Refresh] rebuilding @ http://localhost:3001/_next/static/chunks/06~j_next_dist_0nqb7nl._.js:2431
[  697722ms] [LOG] [Fast Refresh] done in 180ms @ http://localhost:3001/_next/static/chunks/06~j_next_dist_0nqb7nl._.js:2431
[  705155ms] [LOG] [Fast Refresh] rebuilding @ http://localhost:3001/_next/static/chunks/06~j_next_dist_0nqb7nl._.js:2431
[  705784ms] [LOG] [Fast Refresh] done in 180ms @ http://localhost:3001/_next/static/chunks/06~j_next_dist_0nqb7nl._.js:2431
[  710093ms] [LOG] [Fast Refresh] rebuilding @ http://localhost:3001/_next/static/chunks/06~j_next_dist_0nqb7nl._.js:2431
[  710777ms] [LOG] [Fast Refresh] done in 182ms @ http://localhost:3001/_next/static/chunks/06~j_next_dist_0nqb7nl._.js:2431
[  721441ms] [LOG] [Fast Refresh] rebuilding @ http://localhost:3001/_next/static/chunks/06~j_next_dist_0nqb7nl._.js:2431
[  721477ms] [LOG] [Fast Refresh] done in 84ms @ http://localhost:3001/_next/static/chunks/06~j_next_dist_0nqb7nl._.js:2431
[  734824ms] [LOG] [Fast Refresh] rebuilding @ http://localhost:3001/_next/static/chunks/06~j_next_dist_0nqb7nl._.js:2431
[  734917ms] [LOG] [Fast Refresh] done in 173ms @ http://localhost:3001/_next/static/chunks/06~j_next_dist_0nqb7nl._.js:2431
[  738858ms] [LOG] [Fast Refresh] rebuilding @ http://localhost:3001/_next/static/chunks/06~j_next_dist_0nqb7nl._.js:2431
[  738889ms] [LOG] [Fast Refresh] done in 81ms @ http://localhost:3001/_next/static/chunks/06~j_next_dist_0nqb7nl._.js:2431
[  743593ms] [LOG] [Fast Refresh] rebuilding @ http://localhost:3001/_next/static/chunks/06~j_next_dist_0nqb7nl._.js:2431
[  743624ms] [LOG] [Fast Refresh] done in 78ms @ http://localhost:3001/_next/static/chunks/06~j_next_dist_0nqb7nl._.js:2431
[  749135ms] [LOG] [Fast Refresh] rebuilding @ http://localhost:3001/_next/static/chunks/06~j_next_dist_0nqb7nl._.js:2431
[  749135ms] [LOG] [Fast Refresh] done in 104ms @ http://localhost:3001/_next/static/chunks/06~j_next_dist_0nqb7nl._.js:2431
[  753576ms] [LOG] [Fast Refresh] rebuilding @ http://localhost:3001/_next/static/chunks/06~j_next_dist_0nqb7nl._.js:2431
[  753578ms] [LOG] [Fast Refresh] done in 102ms @ http://localhost:3001/_next/static/chunks/06~j_next_dist_0nqb7nl._.js:2431
[  767550ms] [LOG] [Fast Refresh] rebuilding @ http://localhost:3001/_next/static/chunks/06~j_next_dist_0nqb7nl._.js:2431
[  767556ms] [LOG] [Fast Refresh] done in 114ms @ http://localhost:3001/_next/static/chunks/06~j_next_dist_0nqb7nl._.js:2431
[  772136ms] [LOG] [Fast Refresh] rebuilding @ http://localhost:3001/_next/static/chunks/06~j_next_dist_0nqb7nl._.js:2431
[  772262ms] [LOG] [Fast Refresh] done in 227ms @ http://localhost:3001/_next/static/chunks/06~j_next_dist_0nqb7nl._.js:2431
[  778161ms] [LOG] [Fast Refresh] rebuilding @ http://localhost:3001/_next/static/chunks/06~j_next_dist_0nqb7nl._.js:2431
[  778888ms] [LOG] [Fast Refresh] done in 188ms @ http://localhost:3001/_next/static/chunks/06~j_next_dist_0nqb7nl._.js:2431
[  791818ms] [LOG] [Fast Refresh] rebuilding @ http://localhost:3001/_next/static/chunks/06~j_next_dist_0nqb7nl._.js:2431
[  791913ms] [LOG] [Fast Refresh] done in 170ms @ http://localhost:3001/_next/static/chunks/06~j_next_dist_0nqb7nl._.js:2431
[  812794ms] [LOG] [Fast Refresh] rebuilding @ http://localhost:3001/_next/static/chunks/06~j_next_dist_0nqb7nl._.js:2431
[  812844ms] [LOG] [Fast Refresh] done in 159ms @ http://localhost:3001/_next/static/chunks/06~j_next_dist_0nqb7nl._.js:2431
[  823525ms] [LOG] [Fast Refresh] rebuilding @ http://localhost:3001/_next/static/chunks/06~j_next_dist_0nqb7nl._.js:2431
[  823633ms] [LOG] [Fast Refresh] done in 212ms @ http://localhost:3001/_next/static/chunks/06~j_next_dist_0nqb7nl._.js:2431
[  827073ms] [LOG] [Fast Refresh] rebuilding @ http://localhost:3001/_next/static/chunks/06~j_next_dist_0nqb7nl._.js:2431
[  827171ms] [LOG] [Fast Refresh] done in 206ms @ http://localhost:3001/_next/static/chunks/06~j_next_dist_0nqb7nl._.js:2431
[  836044ms] [LOG] [Fast Refresh] rebuilding @ http://localhost:3001/_next/static/chunks/06~j_next_dist_0nqb7nl._.js:2431
[  836126ms] [LOG] [Fast Refresh] done in 187ms @ http://localhost:3001/_next/static/chunks/06~j_next_dist_0nqb7nl._.js:2431
[  840045ms] [LOG] [Fast Refresh] rebuilding @ http://localhost:3001/_next/static/chunks/06~j_next_dist_0nqb7nl._.js:2431
[  840056ms] [LOG] [Fast Refresh] done in 116ms @ http://localhost:3001/_next/static/chunks/06~j_next_dist_0nqb7nl._.js:2431
[  879676ms] [LOG] [Fast Refresh] rebuilding @ http://localhost:3001/_next/static/chunks/06~j_next_dist_0nqb7nl._.js:2431
[  879760ms] [LOG] [Fast Refresh] done in 186ms @ http://localhost:3001/_next/static/chunks/06~j_next_dist_0nqb7nl._.js:2431
[  883369ms] [LOG] [Fast Refresh] rebuilding @ http://localhost:3001/_next/static/chunks/06~j_next_dist_0nqb7nl._.js:2431
[  883510ms] [LOG] [Fast Refresh] done in 242ms @ http://localhost:3001/_next/static/chunks/06~j_next_dist_0nqb7nl._.js:2431
[  887378ms] [LOG] [Fast Refresh] rebuilding @ http://localhost:3001/_next/static/chunks/06~j_next_dist_0nqb7nl._.js:2431
[  887379ms] [LOG] [Fast Refresh] done in 106ms @ http://localhost:3001/_next/static/chunks/06~j_next_dist_0nqb7nl._.js:2431
[  891243ms] [LOG] [Fast Refresh] rebuilding @ http://localhost:3001/_next/static/chunks/06~j_next_dist_0nqb7nl._.js:2431
[  891382ms] [LOG] [Fast Refresh] done in 242ms @ http://localhost:3001/_next/static/chunks/06~j_next_dist_0nqb7nl._.js:2431
[  895007ms] [LOG] [Fast Refresh] rebuilding @ http://localhost:3001/_next/static/chunks/06~j_next_dist_0nqb7nl._.js:2431
[  895112ms] [LOG] [Fast Refresh] done in 211ms @ http://localhost:3001/_next/static/chunks/06~j_next_dist_0nqb7nl._.js:2431
[  906574ms] [LOG] [Fast Refresh] rebuilding @ http://localhost:3001/_next/static/chunks/06~j_next_dist_0nqb7nl._.js:2431
[  906664ms] [LOG] [Fast Refresh] done in 196ms @ http://localhost:3001/_next/static/chunks/06~j_next_dist_0nqb7nl._.js:2431
[  911194ms] [LOG] [Fast Refresh] rebuilding @ http://localhost:3001/_next/static/chunks/06~j_next_dist_0nqb7nl._.js:2431
[  911317ms] [LOG] [Fast Refresh] done in 230ms @ http://localhost:3001/_next/static/chunks/06~j_next_dist_0nqb7nl._.js:2431
[  916245ms] [LOG] [Fast Refresh] rebuilding @ http://localhost:3001/_next/static/chunks/06~j_next_dist_0nqb7nl._.js:2431
[  916342ms] [LOG] [Fast Refresh] done in 203ms @ http://localhost:3001/_next/static/chunks/06~j_next_dist_0nqb7nl._.js:2431
[  925425ms] [LOG] [Fast Refresh] rebuilding @ http://localhost:3001/_next/static/chunks/06~j_next_dist_0nqb7nl._.js:2431
[  925508ms] [LOG] [Fast Refresh] done in 191ms @ http://localhost:3001/_next/static/chunks/06~j_next_dist_0nqb7nl._.js:2431
[  931287ms] [LOG] [Fast Refresh] rebuilding @ http://localhost:3001/_next/static/chunks/06~j_next_dist_0nqb7nl._.js:2431
[  932096ms] [LOG] [Fast Refresh] done in 140ms @ http://localhost:3001/_next/static/chunks/06~j_next_dist_0nqb7nl._.js:2431
[  961078ms] [LOG] [Fast Refresh] rebuilding @ http://localhost:3001/_next/static/chunks/06~j_next_dist_0nqb7nl._.js:2431
[  961199ms] [LOG] [Fast Refresh] done in 226ms @ http://localhost:3001/_next/static/chunks/06~j_next_dist_0nqb7nl._.js:2431
[  964376ms] [LOG] [Fast Refresh] rebuilding @ http://localhost:3001/_next/static/chunks/06~j_next_dist_0nqb7nl._.js:2431
[  964493ms] [LOG] [Fast Refresh] done in 220ms @ http://localhost:3001/_next/static/chunks/06~j_next_dist_0nqb7nl._.js:2431
[  968056ms] [LOG] [Fast Refresh] rebuilding @ http://localhost:3001/_next/static/chunks/06~j_next_dist_0nqb7nl._.js:2431
[  968152ms] [LOG] [Fast Refresh] done in 210ms @ http://localhost:3001/_next/static/chunks/06~j_next_dist_0nqb7nl._.js:2431
[  979030ms] [LOG] [Fast Refresh] rebuilding @ http://localhost:3001/_next/static/chunks/06~j_next_dist_0nqb7nl._.js:2431
[  979126ms] [LOG] [Fast Refresh] done in 208ms @ http://localhost:3001/_next/static/chunks/06~j_next_dist_0nqb7nl._.js:2431
[  993752ms] [LOG] [Fast Refresh] rebuilding @ http://localhost:3001/_next/static/chunks/06~j_next_dist_0nqb7nl._.js:2431
[  993848ms] [LOG] [Fast Refresh] done in 206ms @ http://localhost:3001/_next/static/chunks/06~j_next_dist_0nqb7nl._.js:2431
[  997648ms] [LOG] [Fast Refresh] rebuilding @ http://localhost:3001/_next/static/chunks/06~j_next_dist_0nqb7nl._.js:2431
[  997760ms] [LOG] [Fast Refresh] done in 219ms @ http://localhost:3001/_next/static/chunks/06~j_next_dist_0nqb7nl._.js:2431
[ 1010571ms] [LOG] [Fast Refresh] rebuilding @ http://localhost:3001/_next/static/chunks/06~j_next_dist_0nqb7nl._.js:2431
[ 1010699ms] [LOG] [Fast Refresh] done in 244ms @ http://localhost:3001/_next/static/chunks/06~j_next_dist_0nqb7nl._.js:2431
[ 1020865ms] [LOG] [Fast Refresh] rebuilding @ http://localhost:3001/_next/static/chunks/06~j_next_dist_0nqb7nl._.js:2431
[ 1021012ms] [LOG] [Fast Refresh] done in 249ms @ http://localhost:3001/_next/static/chunks/06~j_next_dist_0nqb7nl._.js:2431
[ 1026108ms] [LOG] [Fast Refresh] rebuilding @ http://localhost:3001/_next/static/chunks/06~j_next_dist_0nqb7nl._.js:2431
[ 1026226ms] [LOG] [Fast Refresh] done in 222ms @ http://localhost:3001/_next/static/chunks/06~j_next_dist_0nqb7nl._.js:2431
[ 1033855ms] [LOG] [Fast Refresh] rebuilding @ http://localhost:3001/_next/static/chunks/06~j_next_dist_0nqb7nl._.js:2431
[ 1034019ms] [LOG] [Fast Refresh] done in 266ms @ http://localhost:3001/_next/static/chunks/06~j_next_dist_0nqb7nl._.js:2431
[ 1046226ms] [LOG] [Fast Refresh] rebuilding @ http://localhost:3001/_next/static/chunks/06~j_next_dist_0nqb7nl._.js:2431
[ 1046308ms] [LOG] [Fast Refresh] done in 188ms @ http://localhost:3001/_next/static/chunks/06~j_next_dist_0nqb7nl._.js:2431
[ 1051597ms] [LOG] [Fast Refresh] rebuilding @ http://localhost:3001/_next/static/chunks/06~j_next_dist_0nqb7nl._.js:2431
[ 1051704ms] [LOG] [Fast Refresh] done in 210ms @ http://localhost:3001/_next/static/chunks/06~j_next_dist_0nqb7nl._.js:2431
[ 1056130ms] [LOG] [Fast Refresh] rebuilding @ http://localhost:3001/_next/static/chunks/06~j_next_dist_0nqb7nl._.js:2431
[ 1056217ms] [LOG] [Fast Refresh] done in 198ms @ http://localhost:3001/_next/static/chunks/06~j_next_dist_0nqb7nl._.js:2431
[ 1062518ms] [LOG] [Fast Refresh] rebuilding @ http://localhost:3001/_next/static/chunks/06~j_next_dist_0nqb7nl._.js:2431
[ 1062624ms] [LOG] [Fast Refresh] done in 211ms @ http://localhost:3001/_next/static/chunks/06~j_next_dist_0nqb7nl._.js:2431
[ 1071880ms] [LOG] [Fast Refresh] rebuilding @ http://localhost:3001/_next/static/chunks/06~j_next_dist_0nqb7nl._.js:2431
[ 1071978ms] [LOG] [Fast Refresh] done in 201ms @ http://localhost:3001/_next/static/chunks/06~j_next_dist_0nqb7nl._.js:2431
[ 1075777ms] [LOG] [Fast Refresh] rebuilding @ http://localhost:3001/_next/static/chunks/06~j_next_dist_0nqb7nl._.js:2431
[ 1075844ms] [LOG] [Fast Refresh] done in 172ms @ http://localhost:3001/_next/static/chunks/06~j_next_dist_0nqb7nl._.js:2431
[ 1281064ms] [LOG] [HMR] connected @ http://localhost:3001/_next/static/chunks/06~j_next_dist_0nqb7nl._.js:2431
[ 1281191ms] [LOG] [Fast Refresh] rebuilding @ http://localhost:3001/_next/static/chunks/06~j_next_dist_0nqb7nl._.js:2431
[ 1312358ms] [LOG] [Fast Refresh] done in 31277ms @ http://localhost:3001/_next/static/chunks/06~j_next_dist_0nqb7nl._.js:2431
[ 1386030ms] [LOG] [Fast Refresh] rebuilding @ http://localhost:3001/_next/static/chunks/06~j_next_dist_0nqb7nl._.js:2431
[ 1386134ms] [LOG] [Fast Refresh] done in 154ms @ http://localhost:3001/_next/static/chunks/06~j_next_dist_0nqb7nl._.js:2431
[ 1390641ms] [LOG] [Fast Refresh] rebuilding @ http://localhost:3001/_next/static/chunks/06~j_next_dist_0nqb7nl._.js:2431
[ 1390680ms] [LOG] [Fast Refresh] done in 96ms @ http://localhost:3001/_next/static/chunks/06~j_next_dist_0nqb7nl._.js:2431
[ 1410874ms] [LOG] [Fast Refresh] rebuilding @ http://localhost:3001/_next/static/chunks/06~j_next_dist_0nqb7nl._.js:2431
[ 1410971ms] [LOG] [Fast Refresh] done in 207ms @ http://localhost:3001/_next/static/chunks/06~j_next_dist_0nqb7nl._.js:2431
[ 1416999ms] [LOG] [Fast Refresh] rebuilding @ http://localhost:3001/_next/static/chunks/06~j_next_dist_0nqb7nl._.js:2431
[ 1417668ms] [LOG] [Fast Refresh] done in 234ms @ http://localhost:3001/_next/static/chunks/06~j_next_dist_0nqb7nl._.js:2431
[ 1423148ms] [LOG] [Fast Refresh] rebuilding @ http://localhost:3001/_next/static/chunks/06~j_next_dist_0nqb7nl._.js:2431
[ 1423245ms] [LOG] [Fast Refresh] done in 206ms @ http://localhost:3001/_next/static/chunks/06~j_next_dist_0nqb7nl._.js:2431
[ 1425844ms] [LOG] [Fast Refresh] rebuilding @ http://localhost:3001/_next/static/chunks/06~j_next_dist_0nqb7nl._.js:2431
[ 1426883ms] [LOG] [Fast Refresh] done in 1141ms @ http://localhost:3001/_next/static/chunks/06~j_next_dist_0nqb7nl._.js:2431
[ 1427108ms] [INFO] %cDownload the React DevTools for a better development experience: https://react.dev/link/react-devtools font-weight:bold @ http://localhost:3001/_next/static/chunks/06~j_next_dist_0nqb7nl._.js:2431
[ 1427153ms] [LOG] [HMR] connected @ http://localhost:3001/_next/static/chunks/06~j_next_dist_0nqb7nl._.js:2431
[ 1427458ms] [WARNING] Image with src "/images/cyber/hero-cyber-it.jpg" is using quality "70" which is not configured in images.qualities [75]. Please update your config to [70, 75].
Read more: https://nextjs.org/docs/messages/next-image-unconfigured-qualities @ http://localhost:3001/_next/static/chunks/06~j_next_dist_0nqb7nl._.js:2431
[ 1427460ms] [WARNING] Image with src "/images/cyber/hero-industry-bfsi.jpg" is using quality "70" which is not configured in images.qualities [75]. Please update your config to [70, 75].
Read more: https://nextjs.org/docs/messages/next-image-unconfigured-qualities @ http://localhost:3001/_next/static/chunks/06~j_next_dist_0nqb7nl._.js:2431
[ 1427462ms] [WARNING] Image with src "/images/cyber/hero-industry-healthcare.jpg" is using quality "70" which is not configured in images.qualities [75]. Please update your config to [70, 75].
Read more: https://nextjs.org/docs/messages/next-image-unconfigured-qualities @ http://localhost:3001/_next/static/chunks/06~j_next_dist_0nqb7nl._.js:2431
[ 1427466ms] [WARNING] Image with src "/images/cyber/hero-ai-it.jpg" is using quality "70" which is not configured in images.qualities [75]. Please update your config to [70, 75].
Read more: https://nextjs.org/docs/messages/next-image-unconfigured-qualities @ http://localhost:3001/_next/static/chunks/06~j_next_dist_0nqb7nl._.js:2431
[ 1427661ms] [WARNING] Image with src "/images/clients/autodesk.webp" has either width or height modified, but not the other. If you use CSS to change the size of your image, also include the styles 'width: "auto"' or 'height: "auto"' to maintain the aspect ratio. @ http://localhost:3001/_next/static/chunks/06~j_next_dist_0nqb7nl._.js:2431
[ 1427667ms] [WARNING] Image with src "/images/clients/taylor-francis.webp" has either width or height modified, but not the other. If you use CSS to change the size of your image, also include the styles 'width: "auto"' or 'height: "auto"' to maintain the aspect ratio. @ http://localhost:3001/_next/static/chunks/06~j_next_dist_0nqb7nl._.js:2431
[ 1430189ms] [LOG] [Fast Refresh] rebuilding @ http://localhost:3001/_next/static/chunks/06~j_next_dist_0nqb7nl._.js:2431
[ 1430342ms] [LOG] [Fast Refresh] done in 228ms @ http://localhost:3001/_next/static/chunks/06~j_next_dist_0nqb7nl._.js:2431
[ 1434030ms] [LOG] [Fast Refresh] rebuilding @ http://localhost:3001/_next/static/chunks/06~j_next_dist_0nqb7nl._.js:2431
[ 1434726ms] [LOG] [Fast Refresh] done in 213ms @ http://localhost:3001/_next/static/chunks/06~j_next_dist_0nqb7nl._.js:2431
[ 1439725ms] [LOG] [Fast Refresh] rebuilding @ http://localhost:3001/_next/static/chunks/06~j_next_dist_0nqb7nl._.js:2431
[ 1440328ms] [LOG] [Fast Refresh] done in 190ms @ http://localhost:3001/_next/static/chunks/06~j_next_dist_0nqb7nl._.js:2431
[ 1444072ms] [LOG] [Fast Refresh] rebuilding @ http://localhost:3001/_next/static/chunks/06~j_next_dist_0nqb7nl._.js:2431
[ 1444681ms] [LOG] [Fast Refresh] done in 180ms @ http://localhost:3001/_next/static/chunks/06~j_next_dist_0nqb7nl._.js:2431
[ 1448599ms] [LOG] [Fast Refresh] rebuilding @ http://localhost:3001/_next/static/chunks/06~j_next_dist_0nqb7nl._.js:2431
[ 1449175ms] [LOG] [Fast Refresh] done in 195ms @ http://localhost:3001/_next/static/chunks/06~j_next_dist_0nqb7nl._.js:2431
[ 1452818ms] [LOG] [Fast Refresh] rebuilding @ http://localhost:3001/_next/static/chunks/06~j_next_dist_0nqb7nl._.js:2431
[ 1453411ms] [LOG] [Fast Refresh] done in 173ms @ http://localhost:3001/_next/static/chunks/06~j_next_dist_0nqb7nl._.js:2431
[ 1457976ms] [LOG] [Fast Refresh] rebuilding @ http://localhost:3001/_next/static/chunks/06~j_next_dist_0nqb7nl._.js:2431
[ 1458685ms] [LOG] [Fast Refresh] done in 188ms @ http://localhost:3001/_next/static/chunks/06~j_next_dist_0nqb7nl._.js:2431
[ 1463110ms] [LOG] [Fast Refresh] rebuilding @ http://localhost:3001/_next/static/chunks/06~j_next_dist_0nqb7nl._.js:2431
[ 1463111ms] [LOG] [Fast Refresh] done in 108ms @ http://localhost:3001/_next/static/chunks/06~j_next_dist_0nqb7nl._.js:2431
[ 1544794ms] [LOG] [Fast Refresh] rebuilding @ http://localhost:3001/_next/static/chunks/06~j_next_dist_0nqb7nl._.js:2431
[ 1545037ms] [LOG] [Fast Refresh] done in 62ms @ http://localhost:3001/_next/static/chunks/06~j_next_dist_0nqb7nl._.js:2431
[ 1550097ms] [LOG] [Fast Refresh] rebuilding @ http://localhost:3001/_next/static/chunks/06~j_next_dist_0nqb7nl._.js:2431
[ 1550734ms] [LOG] [Fast Refresh] done in 175ms @ http://localhost:3001/_next/static/chunks/06~j_next_dist_0nqb7nl._.js:2431
