[     137ms] [LOG] [Fast Refresh] rebuilding @ http://localhost:3000/_next/static/chunks/06~j_next_dist_0nqb7nl._.js:2431
[     314ms] [LOG] [Fast Refresh] done in 283ms @ http://localhost:3000/_next/static/chunks/06~j_next_dist_0nqb7nl._.js:2431
[     418ms] [INFO] %cDownload the React DevTools for a better development experience: https://react.dev/link/react-devtools font-weight:bold @ http://localhost:3000/_next/static/chunks/06~j_next_dist_0nqb7nl._.js:2431
[     458ms] [LOG] [HMR] connected @ http://localhost:3000/_next/static/chunks/06~j_next_dist_0nqb7nl._.js:2431
[     738ms] [LOG] [Fast Refresh] rebuilding @ http://localhost:3000/_next/static/chunks/06~j_next_dist_0nqb7nl._.js:2431
[     800ms] [LOG] [Fast Refresh] done in 164ms @ http://localhost:3000/_next/static/chunks/06~j_next_dist_0nqb7nl._.js:2431
[    5215ms] [LOG] [Fast Refresh] rebuilding @ http://localhost:3000/_next/static/chunks/06~j_next_dist_0nqb7nl._.js:2431
[    5233ms] [LOG] [Fast Refresh] done in 121ms @ http://localhost:3000/_next/static/chunks/06~j_next_dist_0nqb7nl._.js:2431
[   72017ms] [LOG] [Fast Refresh] rebuilding @ http://localhost:3000/_next/static/chunks/06~j_next_dist_0nqb7nl._.js:2431
[   72201ms] [LOG] [Fast Refresh] done in 277ms @ http://localhost:3000/_next/static/chunks/06~j_next_dist_0nqb7nl._.js:2431
[   72310ms] [LOG] [Fast Refresh] rebuilding @ http://localhost:3000/_next/static/chunks/06~j_next_dist_0nqb7nl._.js:2431
[   72539ms] [LOG] [Fast Refresh] done in 335ms @ http://localhost:3000/_next/static/chunks/06~j_next_dist_0nqb7nl._.js:2431
[   87016ms] [LOG] [Fast Refresh] rebuilding @ http://localhost:3000/_next/static/chunks/06~j_next_dist_0nqb7nl._.js:2431
[   87272ms] [LOG] [Fast Refresh] done in 286ms @ http://localhost:3000/_next/static/chunks/06~j_next_dist_0nqb7nl._.js:2431
[  131729ms] [LOG] [Fast Refresh] rebuilding @ http://localhost:3000/_next/static/chunks/06~j_next_dist_0nqb7nl._.js:2431
[  132369ms] [LOG] [Fast Refresh] done in 681ms @ http://localhost:3000/_next/static/chunks/06~j_next_dist_0nqb7nl._.js:2431
[  132547ms] [LOG] [Fast Refresh] rebuilding @ http://localhost:3000/_next/static/chunks/06~j_next_dist_0nqb7nl._.js:2431
[  132585ms] [LOG] [Fast Refresh] done in 144ms @ http://localhost:3000/_next/static/chunks/06~j_next_dist_0nqb7nl._.js:2431
[  159678ms] [LOG] [Fast Refresh] rebuilding @ http://localhost:3000/_next/static/chunks/06~j_next_dist_0nqb7nl._.js:2431
[  159976ms] [LOG] [Fast Refresh] done in 311ms @ http://localhost:3000/_next/static/chunks/06~j_next_dist_0nqb7nl._.js:2431
[  177974ms] [LOG] [Fast Refresh] rebuilding @ http://localhost:3000/_next/static/chunks/06~j_next_dist_0nqb7nl._.js:2431
[  178269ms] [LOG] [Fast Refresh] done in 317ms @ http://localhost:3000/_next/static/chunks/06~j_next_dist_0nqb7nl._.js:2431
[  202467ms] [LOG] [Fast Refresh] rebuilding @ http://localhost:3000/_next/static/chunks/06~j_next_dist_0nqb7nl._.js:2431
[  202753ms] [LOG] [Fast Refresh] done in 321ms @ http://localhost:3000/_next/static/chunks/06~j_next_dist_0nqb7nl._.js:2431
[  225033ms] [LOG] [Fast Refresh] rebuilding @ http://localhost:3000/_next/static/chunks/06~j_next_dist_0nqb7nl._.js:2431
[  225639ms] [LOG] [Fast Refresh] done in 355ms @ http://localhost:3000/_next/static/chunks/06~j_next_dist_0nqb7nl._.js:2431
[  237624ms] [LOG] [Fast Refresh] rebuilding @ http://localhost:3000/_next/static/chunks/06~j_next_dist_0nqb7nl._.js:2431
[  238193ms] [LOG] [Fast Refresh] done in 226ms @ http://localhost:3000/_next/static/chunks/06~j_next_dist_0nqb7nl._.js:2431
[  238321ms] [LOG] [Fast Refresh] rebuilding @ http://localhost:3000/_next/static/chunks/06~j_next_dist_0nqb7nl._.js:2431
[  238367ms] [LOG] [Fast Refresh] done in 155ms @ http://localhost:3000/_next/static/chunks/06~j_next_dist_0nqb7nl._.js:2431
[  238491ms] [LOG] [Fast Refresh] rebuilding @ http://localhost:3000/_next/static/chunks/06~j_next_dist_0nqb7nl._.js:2431
[  238576ms] [LOG] [Fast Refresh] done in 189ms @ http://localhost:3000/_next/static/chunks/06~j_next_dist_0nqb7nl._.js:2431
