[     130ms] [LOG] [Fast Refresh] rebuilding @ http://localhost:3000/_next/static/chunks/06~j_next_dist_0nqb7nl._.js:2431
[    2606ms] [LOG] [Fast Refresh] done in 2585ms @ http://localhost:3000/_next/static/chunks/06~j_next_dist_0nqb7nl._.js:2431
[    2817ms] [INFO] %cDownload the React DevTools for a better development experience: https://react.dev/link/react-devtools font-weight:bold @ http://localhost:3000/_next/static/chunks/06~j_next_dist_0nqb7nl._.js:2431
[    2841ms] [LOG] [HMR] connected @ http://localhost:3000/_next/static/chunks/06~j_next_dist_0nqb7nl._.js:2431
[    4001ms] [LOG] [Fast Refresh] rebuilding @ http://localhost:3000/_next/static/chunks/06~j_next_dist_0nqb7nl._.js:2431
[    4165ms] [LOG] [Fast Refresh] done in 273ms @ http://localhost:3000/_next/static/chunks/06~j_next_dist_0nqb7nl._.js:2431
[   22183ms] [LOG] [Fast Refresh] rebuilding @ http://localhost:3000/_next/static/chunks/06~j_next_dist_0nqb7nl._.js:2431
[   23939ms] [LOG] [Fast Refresh] done in 1868ms @ http://localhost:3000/_next/static/chunks/06~j_next_dist_0nqb7nl._.js:2431
[   24075ms] [INFO] %cDownload the React DevTools for a better development experience: https://react.dev/link/react-devtools font-weight:bold @ http://localhost:3000/_next/static/chunks/06~j_next_dist_0nqb7nl._.js:2431
[   24093ms] [LOG] [HMR] connected @ http://localhost:3000/_next/static/chunks/06~j_next_dist_0nqb7nl._.js:2431
[   26675ms] [LOG] [Fast Refresh] rebuilding @ http://localhost:3000/_next/static/chunks/06~j_next_dist_0nqb7nl._.js:2431
[   27349ms] [LOG] [Fast Refresh] done in 777ms @ http://localhost:3000/_next/static/chunks/06~j_next_dist_0nqb7nl._.js:2431
[  146062ms] [LOG] [Fast Refresh] rebuilding @ http://localhost:3000/_next/static/chunks/06~j_next_dist_0nqb7nl._.js:2431
[  146179ms] [LOG] [Fast Refresh] done in 226ms @ http://localhost:3000/_next/static/chunks/06~j_next_dist_0nqb7nl._.js:2431
[  146354ms] [LOG] [Fast Refresh] rebuilding @ http://localhost:3000/_next/static/chunks/06~j_next_dist_0nqb7nl._.js:2431
[  146613ms] [LOG] [Fast Refresh] done in 380ms @ http://localhost:3000/_next/static/chunks/06~j_next_dist_0nqb7nl._.js:2431
[  199394ms] [LOG] [Fast Refresh] rebuilding @ http://localhost:3000/_next/static/chunks/06~j_next_dist_0nqb7nl._.js:2431
[  199541ms] [LOG] [Fast Refresh] done in 247ms @ http://localhost:3000/_next/static/chunks/06~j_next_dist_0nqb7nl._.js:2431
[  271105ms] [LOG] [Fast Refresh] rebuilding @ http://localhost:3000/_next/static/chunks/06~j_next_dist_0nqb7nl._.js:2431
[  271162ms] [LOG] [Fast Refresh] done in 162ms @ http://localhost:3000/_next/static/chunks/06~j_next_dist_0nqb7nl._.js:2431
[  404364ms] [LOG] [Fast Refresh] rebuilding @ http://localhost:3000/_next/static/chunks/06~j_next_dist_0nqb7nl._.js:2431
[  404440ms] [LOG] [Fast Refresh] done in 179ms @ http://localhost:3000/_next/static/chunks/06~j_next_dist_0nqb7nl._.js:2431
[  410168ms] [LOG] [Fast Refresh] rebuilding @ http://localhost:3000/_next/static/chunks/06~j_next_dist_0nqb7nl._.js:2431
[  410242ms] [LOG] [Fast Refresh] done in 177ms @ http://localhost:3000/_next/static/chunks/06~j_next_dist_0nqb7nl._.js:2431
[  446242ms] [LOG] [Fast Refresh] rebuilding @ http://localhost:3000/_next/static/chunks/06~j_next_dist_0nqb7nl._.js:2431
[  449309ms] [LOG] [Fast Refresh] done in 3169ms @ http://localhost:3000/_next/static/chunks/06~j_next_dist_0nqb7nl._.js:2431
[  462980ms] [LOG] [Fast Refresh] rebuilding @ http://localhost:3000/_next/static/chunks/06~j_next_dist_0nqb7nl._.js:2431
[  463085ms] [LOG] [Fast Refresh] done in 207ms @ http://localhost:3000/_next/static/chunks/06~j_next_dist_0nqb7nl._.js:2431
