[ 3113412ms] [ERROR] Failed to load resource: the server responded with a status of 404 (Not Found) @ http://localhost:3001/rules:0
[ 3113503ms] [INFO] %cDownload the React DevTools for a better development experience: https://react.dev/link/react-devtools font-weight:bold @ http://localhost:3001/_next/static/chunks/06~j_next_dist_0nqb7nl._.js:2431
[ 3113564ms] [LOG] [HMR] connected @ http://localhost:3001/_next/static/chunks/06~j_next_dist_0nqb7nl._.js:2431
[ 3231113ms] [LOG] [Fast Refresh] rebuilding @ http://localhost:3001/_next/static/chunks/06~j_next_dist_0nqb7nl._.js:2431
[ 3231320ms] [LOG] [Fast Refresh] done in 92ms @ http://localhost:3001/_next/static/chunks/06~j_next_dist_0nqb7nl._.js:2431
[ 3231354ms] [ERROR] Failed to load resource: the server responded with a status of 404 (Not Found) @ http://localhost:3001/rules?_rsc=1nkcf:0
[ 3231476ms] [LOG] [Fast Refresh] rebuilding @ http://localhost:3001/_next/static/chunks/06~j_next_dist_0nqb7nl._.js:2431
[ 3231480ms] [LOG] [Fast Refresh] done in 90ms @ http://localhost:3001/_next/static/chunks/06~j_next_dist_0nqb7nl._.js:2431
[ 3231488ms] [ERROR] Failed to load resource: the server responded with a status of 404 (Not Found) @ http://localhost:3001/rules:0
[ 3231609ms] [INFO] %cDownload the React DevTools for a better development experience: https://react.dev/link/react-devtools font-weight:bold @ http://localhost:3001/_next/static/chunks/06~j_next_dist_0nqb7nl._.js:2431
[ 3231663ms] [LOG] [HMR] connected @ http://localhost:3001/_next/static/chunks/06~j_next_dist_0nqb7nl._.js:2431
[ 3231727ms] [LOG] [Fast Refresh] rebuilding @ http://localhost:3001/_next/static/chunks/06~j_next_dist_0nqb7nl._.js:2431
[ 3231729ms] Error: Internal Next.js error: Router action dispatched before initialization.
    at dispatchAppRouterAction (http://localhost:3001/_next/static/chunks/06~j_next_dist_client_04yqy-2._.js:916:37)
    at http://localhost:3001/_next/static/chunks/06~j_next_dist_client_04yqy-2._.js:11800:61
    at startTransition (http://localhost:3001/_next/static/chunks/06~j_next_dist_compiled_0qhqvlf._.js:1279:31)
    at Object.hmrRefresh (http://localhost:3001/_next/static/chunks/06~j_next_dist_client_04yqy-2._.js:11799:40)
    at http://localhost:3001/_next/static/chunks/06~j_next_dist_client_04yqy-2._.js:13967:64
    at startTransition (http://localhost:3001/_next/static/chunks/06~j_next_dist_compiled_0qhqvlf._.js:1279:31)
    at processMessage (http://localhost:3001/_next/static/chunks/06~j_next_dist_client_04yqy-2._.js:13966:44)
    at WebSocket.handleMessage (http://localhost:3001/_next/static/chunks/06~j_next_dist_client_04yqy-2._.js:13335:52)
[ 3231866ms] [LOG] [Fast Refresh] done in 14ms @ http://localhost:3001/_next/static/chunks/06~j_next_dist_0nqb7nl._.js:2431
[ 3232013ms] [LOG] [Fast Refresh] rebuilding @ http://localhost:3001/_next/static/chunks/06~j_next_dist_0nqb7nl._.js:2431
[ 3232024ms] [LOG] [Fast Refresh] done in 70ms @ http://localhost:3001/_next/static/chunks/06~j_next_dist_0nqb7nl._.js:2431
[ 3233166ms] [LOG] [Fast Refresh] rebuilding @ http://localhost:3001/_next/static/chunks/06~j_next_dist_0nqb7nl._.js:2431
[ 3233333ms] [LOG] [Fast Refresh] done in 53ms @ http://localhost:3001/_next/static/chunks/06~j_next_dist_0nqb7nl._.js:2431
[ 3233359ms] [ERROR] Failed to load resource: the server responded with a status of 404 (Not Found) @ http://localhost:3001/rules?_rsc=1nkcf:0
[ 3233415ms] [ERROR] Failed to load resource: the server responded with a status of 404 (Not Found) @ http://localhost:3001/rules:0
[ 3233469ms] [INFO] %cDownload the React DevTools for a better development experience: https://react.dev/link/react-devtools font-weight:bold @ http://localhost:3001/_next/static/chunks/06~j_next_dist_0nqb7nl._.js:2431
[ 3233514ms] [LOG] [HMR] connected @ http://localhost:3001/_next/static/chunks/06~j_next_dist_0nqb7nl._.js:2431
[ 3293886ms] [LOG] [Fast Refresh] rebuilding @ http://localhost:3001/_next/static/chunks/06~j_next_dist_0nqb7nl._.js:2431
[ 3294019ms] [LOG] [Fast Refresh] done in 43ms @ http://localhost:3001/_next/static/chunks/06~j_next_dist_0nqb7nl._.js:2431
[ 3294054ms] [ERROR] Failed to load resource: the server responded with a status of 404 (Not Found) @ http://localhost:3001/rules?_rsc=1nkcf:0
[ 3294152ms] [ERROR] Failed to load resource: the server responded with a status of 404 (Not Found) @ http://localhost:3001/rules:0
[ 3294294ms] [INFO] %cDownload the React DevTools for a better development experience: https://react.dev/link/react-devtools font-weight:bold @ http://localhost:3001/_next/static/chunks/06~j_next_dist_0nqb7nl._.js:2431
[ 3294345ms] [LOG] [HMR] connected @ http://localhost:3001/_next/static/chunks/06~j_next_dist_0nqb7nl._.js:2431
[ 3347598ms] [LOG] [Fast Refresh] rebuilding @ http://localhost:3001/_next/static/chunks/06~j_next_dist_0nqb7nl._.js:2431
[ 3352720ms] [LOG] [Fast Refresh] done in 5236ms @ http://localhost:3001/_next/static/chunks/06~j_next_dist_0nqb7nl._.js:2431
[ 3389062ms] [LOG] [Fast Refresh] rebuilding @ http://localhost:3001/_next/static/chunks/06~j_next_dist_0nqb7nl._.js:2431
[ 3389986ms] [LOG] [Fast Refresh] done in 1037ms @ http://localhost:3001/_next/static/chunks/06~j_next_dist_0nqb7nl._.js:2431
[ 3390162ms] [INFO] %cDownload the React DevTools for a better development experience: https://react.dev/link/react-devtools font-weight:bold @ http://localhost:3001/_next/static/chunks/06~j_next_dist_0nqb7nl._.js:2431
[ 3390218ms] [LOG] [HMR] connected @ http://localhost:3001/_next/static/chunks/06~j_next_dist_0nqb7nl._.js:2431
[ 3390257ms] [WARNING] Image with src "/images/cyber/hero-cyber-it.jpg" is using quality "70" which is not configured in images.qualities [75]. Please update your config to [70, 75].
Read more: https://nextjs.org/docs/messages/next-image-unconfigured-qualities @ http://localhost:3001/_next/static/chunks/06~j_next_dist_0nqb7nl._.js:2431
[ 3390259ms] [WARNING] Image with src "/images/cyber/hero-industry-bfsi.jpg" is using quality "70" which is not configured in images.qualities [75]. Please update your config to [70, 75].
Read more: https://nextjs.org/docs/messages/next-image-unconfigured-qualities @ http://localhost:3001/_next/static/chunks/06~j_next_dist_0nqb7nl._.js:2431
[ 3390259ms] [WARNING] Image with src "/images/cyber/hero-industry-healthcare.jpg" is using quality "70" which is not configured in images.qualities [75]. Please update your config to [70, 75].
Read more: https://nextjs.org/docs/messages/next-image-unconfigured-qualities @ http://localhost:3001/_next/static/chunks/06~j_next_dist_0nqb7nl._.js:2431
[ 3390261ms] [WARNING] Image with src "/images/cyber/hero-ai-it.jpg" is using quality "70" which is not configured in images.qualities [75]. Please update your config to [70, 75].
Read more: https://nextjs.org/docs/messages/next-image-unconfigured-qualities @ http://localhost:3001/_next/static/chunks/06~j_next_dist_0nqb7nl._.js:2431
[ 3409880ms] [LOG] [Fast Refresh] rebuilding @ http://localhost:3001/_next/static/chunks/06~j_next_dist_0nqb7nl._.js:2431
[ 3410534ms] [LOG] [Fast Refresh] done in 112ms @ http://localhost:3001/_next/static/chunks/06~j_next_dist_0nqb7nl._.js:2431
[ 3423116ms] [LOG] [Fast Refresh] rebuilding @ http://localhost:3001/_next/static/chunks/06~j_next_dist_0nqb7nl._.js:2431
[ 3423764ms] [LOG] [Fast Refresh] done in 157ms @ http://localhost:3001/_next/static/chunks/06~j_next_dist_0nqb7nl._.js:2431
[ 4819950ms] [LOG] [Fast Refresh] rebuilding @ http://localhost:3001/_next/static/chunks/06~j_next_dist_0nqb7nl._.js:2431
[ 4820354ms] [WARNING] [Fast Refresh] performing full reload

Fast Refresh will perform a full reload when you edit a file that's imported by modules outside of the React rendering tree.
You might have a file which exports a React component but also exports a value that is imported by a non-React component file.
Consider migrating the non-React component export to a separate file and importing it into both files.

It is also possible the parent component of the component you edited is a class component, which disables Fast Refresh.
Fast Refresh requires at least one parent function component in your React tree. @ http://localhost:3001/_next/static/chunks/06~j_next_dist_0nqb7nl._.js:2431
[ 4820366ms] [LOG] [Fast Refresh] done in 471ms @ http://localhost:3001/_next/static/chunks/06~j_next_dist_0nqb7nl._.js:2431
[ 4820470ms] [LOG] [Fast Refresh] rebuilding @ http://localhost:3001/_next/static/chunks/06~j_next_dist_0nqb7nl._.js:2431
[ 4820692ms] [LOG] [Fast Refresh] done in 322ms @ http://localhost:3001/_next/static/chunks/06~j_next_dist_0nqb7nl._.js:2431
[ 4822041ms] [INFO] %cDownload the React DevTools for a better development experience: https://react.dev/link/react-devtools font-weight:bold @ http://localhost:3001/_next/static/chunks/06~j_next_dist_0nqb7nl._.js:2431
[ 4822110ms] [LOG] [HMR] connected @ http://localhost:3001/_next/static/chunks/06~j_next_dist_0nqb7nl._.js:2431
[ 4872132ms] [LOG] [Fast Refresh] rebuilding @ http://localhost:3001/_next/static/chunks/06~j_next_dist_0nqb7nl._.js:2431
[ 4874613ms] [LOG] [Fast Refresh] done in 2593ms @ http://localhost:3001/_next/static/chunks/06~j_next_dist_0nqb7nl._.js:2431
[ 4874790ms] [INFO] %cDownload the React DevTools for a better development experience: https://react.dev/link/react-devtools font-weight:bold @ http://localhost:3001/_next/static/chunks/06~j_next_dist_0nqb7nl._.js:2431
[ 4874832ms] [LOG] [HMR] connected @ http://localhost:3001/_next/static/chunks/06~j_next_dist_0nqb7nl._.js:2431
[ 5008796ms] [LOG] [Fast Refresh] rebuilding @ http://localhost:3001/_next/static/chunks/06~j_next_dist_0nqb7nl._.js:2431
[ 5009900ms] [LOG] [Fast Refresh] done in 119ms @ http://localhost:3001/_next/static/chunks/06~j_next_dist_0nqb7nl._.js:2431
[ 5019686ms] [LOG] [Fast Refresh] rebuilding @ http://localhost:3001/_next/static/chunks/06~j_next_dist_0nqb7nl._.js:2431
[ 5020042ms] [LOG] [Fast Refresh] done in 59ms @ http://localhost:3001/_next/static/chunks/06~j_next_dist_0nqb7nl._.js:2431
[ 5029300ms] [LOG] [Fast Refresh] rebuilding @ http://localhost:3001/_next/static/chunks/06~j_next_dist_0nqb7nl._.js:2431
[ 5029652ms] [LOG] [Fast Refresh] done in 50ms @ http://localhost:3001/_next/static/chunks/06~j_next_dist_0nqb7nl._.js:2431
[ 5033573ms] [LOG] [Fast Refresh] rebuilding @ http://localhost:3001/_next/static/chunks/06~j_next_dist_0nqb7nl._.js:2431
[ 5033917ms] [LOG] [Fast Refresh] done in 58ms @ http://localhost:3001/_next/static/chunks/06~j_next_dist_0nqb7nl._.js:2431
[ 5040334ms] [LOG] [Fast Refresh] rebuilding @ http://localhost:3001/_next/static/chunks/06~j_next_dist_0nqb7nl._.js:2431
[ 5040669ms] [LOG] [Fast Refresh] done in 60ms @ http://localhost:3001/_next/static/chunks/06~j_next_dist_0nqb7nl._.js:2431
[ 5396277ms] [LOG] [Fast Refresh] rebuilding @ http://localhost:3001/_next/static/chunks/06~j_next_dist_0nqb7nl._.js:2431
[ 5396603ms] [LOG] [Fast Refresh] done in 59ms @ http://localhost:3001/_next/static/chunks/06~j_next_dist_0nqb7nl._.js:2431
[ 5464040ms] [LOG] [Fast Refresh] rebuilding @ http://localhost:3001/_next/static/chunks/06~j_next_dist_0nqb7nl._.js:2431
[ 5465603ms] [LOG] [Fast Refresh] done in 1675ms @ http://localhost:3001/_next/static/chunks/06~j_next_dist_0nqb7nl._.js:2431
[ 5508805ms] [LOG] [Fast Refresh] rebuilding @ http://localhost:3001/_next/static/chunks/06~j_next_dist_0nqb7nl._.js:2431
[ 5509814ms] [LOG] [Fast Refresh] done in 129ms @ http://localhost:3001/_next/static/chunks/06~j_next_dist_0nqb7nl._.js:2431
[ 6290284ms] [LOG] [Fast Refresh] rebuilding @ http://localhost:3001/_next/static/chunks/06~j_next_dist_0nqb7nl._.js:2431
[ 6290735ms] [LOG] [Fast Refresh] done in 52ms @ http://localhost:3001/_next/static/chunks/06~j_next_dist_0nqb7nl._.js:2431
[ 6306868ms] [LOG] [Fast Refresh] rebuilding @ http://localhost:3001/_next/static/chunks/06~j_next_dist_0nqb7nl._.js:2431
[ 6308388ms] [LOG] [Fast Refresh] done in 179ms @ http://localhost:3001/_next/static/chunks/06~j_next_dist_0nqb7nl._.js:2431
[ 6332976ms] [LOG] [Fast Refresh] rebuilding @ http://localhost:3001/_next/static/chunks/06~j_next_dist_0nqb7nl._.js:2431
[ 6334234ms] [LOG] [Fast Refresh] done in 124ms @ http://localhost:3001/_next/static/chunks/06~j_next_dist_0nqb7nl._.js:2431
[ 6581418ms] [LOG] [Fast Refresh] rebuilding @ http://localhost:3001/_next/static/chunks/06~j_next_dist_0nqb7nl._.js:2431
[ 6581747ms] [LOG] [Fast Refresh] done in 273ms @ http://localhost:3001/_next/static/chunks/06~j_next_dist_0nqb7nl._.js:2431
[ 6599841ms] [LOG] [Fast Refresh] rebuilding @ http://localhost:3001/_next/static/chunks/06~j_next_dist_0nqb7nl._.js:2431
[ 6601180ms] [LOG] [Fast Refresh] done in 164ms @ http://localhost:3001/_next/static/chunks/06~j_next_dist_0nqb7nl._.js:2431
[ 6602858ms] [LOG] [Fast Refresh] rebuilding @ http://localhost:3001/_next/static/chunks/06~j_next_dist_0nqb7nl._.js:2431
[ 6603015ms] [LOG] [Fast Refresh] done in 264ms @ http://localhost:3001/_next/static/chunks/06~j_next_dist_0nqb7nl._.js:2431
[ 6603125ms] [LOG] [Fast Refresh] rebuilding @ http://localhost:3001/_next/static/chunks/06~j_next_dist_0nqb7nl._.js:2431
[ 6604263ms] [LOG] [Fast Refresh] done in 1246ms @ http://localhost:3001/_next/static/chunks/06~j_next_dist_0nqb7nl._.js:2431
[ 6604391ms] [LOG] [Fast Refresh] rebuilding @ http://localhost:3001/_next/static/chunks/06~j_next_dist_0nqb7nl._.js:2431
[ 6604479ms] [LOG] [Fast Refresh] done in 207ms @ http://localhost:3001/_next/static/chunks/06~j_next_dist_0nqb7nl._.js:2431
[ 6604584ms] [LOG] [Fast Refresh] rebuilding @ http://localhost:3001/_next/static/chunks/06~j_next_dist_0nqb7nl._.js:2431
[ 6605183ms] [LOG] [Fast Refresh] done in 701ms @ http://localhost:3001/_next/static/chunks/06~j_next_dist_0nqb7nl._.js:2431
[ 6605302ms] [LOG] [Fast Refresh] rebuilding @ http://localhost:3001/_next/static/chunks/06~j_next_dist_0nqb7nl._.js:2431
[ 6605419ms] [LOG] [Fast Refresh] done in 217ms @ http://localhost:3001/_next/static/chunks/06~j_next_dist_0nqb7nl._.js:2431
[ 6605536ms] [LOG] [Fast Refresh] rebuilding @ http://localhost:3001/_next/static/chunks/06~j_next_dist_0nqb7nl._.js:2431
[ 6606176ms] [LOG] [Fast Refresh] done in 753ms @ http://localhost:3001/_next/static/chunks/06~j_next_dist_0nqb7nl._.js:2431
[ 6674092ms] [LOG] [Fast Refresh] rebuilding @ http://localhost:3001/_next/static/chunks/06~j_next_dist_0nqb7nl._.js:2431
[ 6674717ms] [LOG] [Fast Refresh] done in 59ms @ http://localhost:3001/_next/static/chunks/06~j_next_dist_0nqb7nl._.js:2431
[ 6681369ms] [LOG] [Fast Refresh] rebuilding @ http://localhost:3001/_next/static/chunks/06~j_next_dist_0nqb7nl._.js:2431
[ 6682023ms] [LOG] [Fast Refresh] done in 58ms @ http://localhost:3001/_next/static/chunks/06~j_next_dist_0nqb7nl._.js:2431
[ 6713566ms] [LOG] [Fast Refresh] rebuilding @ http://localhost:3001/_next/static/chunks/06~j_next_dist_0nqb7nl._.js:2431
[ 6714025ms] [LOG] [Fast Refresh] done in 48ms @ http://localhost:3001/_next/static/chunks/06~j_next_dist_0nqb7nl._.js:2431
[ 6736202ms] [LOG] [Fast Refresh] rebuilding @ http://localhost:3001/_next/static/chunks/06~j_next_dist_0nqb7nl._.js:2431
[ 6736824ms] [LOG] [Fast Refresh] done in 54ms @ http://localhost:3001/_next/static/chunks/06~j_next_dist_0nqb7nl._.js:2431
[ 6922857ms] [LOG] [Fast Refresh] rebuilding @ http://localhost:3001/_next/static/chunks/06~j_next_dist_0nqb7nl._.js:2431
[ 6922966ms] [LOG] [Fast Refresh] done in 59ms @ http://localhost:3001/_next/static/chunks/06~j_next_dist_0nqb7nl._.js:2431
[ 6923075ms] [LOG] [Fast Refresh] rebuilding @ http://localhost:3001/_next/static/chunks/06~j_next_dist_0nqb7nl._.js:2431
[ 6923564ms] [LOG] [Fast Refresh] done in 597ms @ http://localhost:3001/_next/static/chunks/06~j_next_dist_0nqb7nl._.js:2431
[ 6929645ms] [LOG] [Fast Refresh] rebuilding @ http://localhost:3001/_next/static/chunks/06~j_next_dist_0nqb7nl._.js:2431
[ 6930257ms] [LOG] [Fast Refresh] done in 70ms @ http://localhost:3001/_next/static/chunks/06~j_next_dist_0nqb7nl._.js:2431
[ 7030613ms] [LOG] [Fast Refresh] rebuilding @ http://localhost:3001/_next/static/chunks/06~j_next_dist_0nqb7nl._.js:2431
[ 7032061ms] [LOG] [Fast Refresh] done in 291ms @ http://localhost:3001/_next/static/chunks/06~j_next_dist_0nqb7nl._.js:2431
[ 7033884ms] [LOG] [Fast Refresh] rebuilding @ http://localhost:3001/_next/static/chunks/06~j_next_dist_0nqb7nl._.js:2431
[ 7035025ms] [LOG] [Fast Refresh] done in 160ms @ http://localhost:3001/_next/static/chunks/06~j_next_dist_0nqb7nl._.js:2431
[ 7076837ms] [LOG] [Fast Refresh] rebuilding @ http://localhost:3001/_next/static/chunks/06~j_next_dist_0nqb7nl._.js:2431
[ 7078037ms] [LOG] [Fast Refresh] done in 146ms @ http://localhost:3001/_next/static/chunks/06~j_next_dist_0nqb7nl._.js:2431
[ 7081678ms] [LOG] [Fast Refresh] rebuilding @ http://localhost:3001/_next/static/chunks/06~j_next_dist_0nqb7nl._.js:2431
[ 7082743ms] [LOG] [Fast Refresh] done in 143ms @ http://localhost:3001/_next/static/chunks/06~j_next_dist_0nqb7nl._.js:2431
[ 7084545ms] [LOG] [Fast Refresh] rebuilding @ http://localhost:3001/_next/static/chunks/06~j_next_dist_0nqb7nl._.js:2431
[ 7085640ms] [LOG] [Fast Refresh] done in 139ms @ http://localhost:3001/_next/static/chunks/06~j_next_dist_0nqb7nl._.js:2431
[ 7112824ms] [LOG] [Fast Refresh] rebuilding @ http://localhost:3001/_next/static/chunks/06~j_next_dist_0nqb7nl._.js:2431
[ 7113395ms] [LOG] [Fast Refresh] done in 51ms @ http://localhost:3001/_next/static/chunks/06~j_next_dist_0nqb7nl._.js:2431
[ 7121834ms] [LOG] [Fast Refresh] rebuilding @ http://localhost:3001/_next/static/chunks/06~j_next_dist_0nqb7nl._.js:2431
[ 7122434ms] [LOG] [Fast Refresh] done in 51ms @ http://localhost:3001/_next/static/chunks/06~j_next_dist_0nqb7nl._.js:2431
[ 7177248ms] [LOG] [Fast Refresh] rebuilding @ http://localhost:3001/_next/static/chunks/06~j_next_dist_0nqb7nl._.js:2431
[ 7179000ms] [LOG] [Fast Refresh] done in 151ms @ http://localhost:3001/_next/static/chunks/06~j_next_dist_0nqb7nl._.js:2431
[ 7192695ms] [LOG] [Fast Refresh] rebuilding @ http://localhost:3001/_next/static/chunks/06~j_next_dist_0nqb7nl._.js:2431
[ 7192730ms] [LOG] [Fast Refresh] done in 205ms @ http://localhost:3001/_next/static/chunks/06~j_next_dist_0nqb7nl._.js:2431
[ 7192835ms] [LOG] [Fast Refresh] rebuilding @ http://localhost:3001/_next/static/chunks/06~j_next_dist_0nqb7nl._.js:2431
[ 7192901ms] [LOG] [Fast Refresh] done in 170ms @ http://localhost:3001/_next/static/chunks/06~j_next_dist_0nqb7nl._.js:2431
[ 7193019ms] [LOG] [Fast Refresh] rebuilding @ http://localhost:3001/_next/static/chunks/06~j_next_dist_0nqb7nl._.js:2431
[ 7193824ms] [LOG] [Fast Refresh] done in 908ms @ http://localhost:3001/_next/static/chunks/06~j_next_dist_0nqb7nl._.js:2431
[ 7250071ms] [LOG] [Fast Refresh] rebuilding @ http://localhost:3001/_next/static/chunks/06~j_next_dist_0nqb7nl._.js:2431
[ 7250305ms] [LOG] [Fast Refresh] done in 343ms @ http://localhost:3001/_next/static/chunks/06~j_next_dist_0nqb7nl._.js:2431
[ 7475125ms] [LOG] [Fast Refresh] rebuilding @ http://localhost:3001/_next/static/chunks/06~j_next_dist_0nqb7nl._.js:2431
[ 7476663ms] [LOG] [Fast Refresh] done in 1642ms @ http://localhost:3001/_next/static/chunks/06~j_next_dist_0nqb7nl._.js:2431
[ 7476776ms] [LOG] [Fast Refresh] rebuilding @ http://localhost:3001/_next/static/chunks/06~j_next_dist_0nqb7nl._.js:2431
[ 7477480ms] [LOG] [Fast Refresh] done in 812ms @ http://localhost:3001/_next/static/chunks/06~j_next_dist_0nqb7nl._.js:2431
[ 7477608ms] [LOG] [Fast Refresh] rebuilding @ http://localhost:3001/_next/static/chunks/06~j_next_dist_0nqb7nl._.js:2431
[ 7478221ms] [LOG] [Fast Refresh] done in 714ms @ http://localhost:3001/_next/static/chunks/06~j_next_dist_0nqb7nl._.js:2431
[ 7478434ms] [LOG] [Fast Refresh] rebuilding @ http://localhost:3001/_next/static/chunks/06~j_next_dist_0nqb7nl._.js:2431
[ 7478812ms] [LOG] [Fast Refresh] done in 486ms @ http://localhost:3001/_next/static/chunks/06~j_next_dist_0nqb7nl._.js:2431
[ 7479384ms] [LOG] [Fast Refresh] rebuilding @ http://localhost:3001/_next/static/chunks/06~j_next_dist_0nqb7nl._.js:2431
[ 7479647ms] [LOG] [Fast Refresh] done in 367ms @ http://localhost:3001/_next/static/chunks/06~j_next_dist_0nqb7nl._.js:2431
[ 7479751ms] [LOG] [Fast Refresh] rebuilding @ http://localhost:3001/_next/static/chunks/06~j_next_dist_0nqb7nl._.js:2431
[ 7479831ms] [LOG] [Fast Refresh] done in 184ms @ http://localhost:3001/_next/static/chunks/06~j_next_dist_0nqb7nl._.js:2431
[ 7637880ms] [LOG] [Fast Refresh] rebuilding @ http://localhost:3001/_next/static/chunks/06~j_next_dist_0nqb7nl._.js:2431
[ 7637937ms] [LOG] [Fast Refresh] done in 181ms @ http://localhost:3001/_next/static/chunks/06~j_next_dist_0nqb7nl._.js:2431
[ 7638052ms] [LOG] [Fast Refresh] rebuilding @ http://localhost:3001/_next/static/chunks/06~j_next_dist_0nqb7nl._.js:2431
